Archive member included to satisfy reference by file (symbol)

/opt/st/stm32cubeide_1.18.0/plugins/com.st.stm32cube.ide.mcu.externaltools.gnu-tools-for-stm32.13.3.rel1.linux64_1.0.0.202410170706/tools/bin/../lib/gcc/arm-none-eabi/13.3.1/../../../../arm-none-eabi/lib/thumb/v7e-m+fp/hard/libc_nano.a(libc_a-exit.o)
                              /opt/st/stm32cubeide_1.18.0/plugins/com.st.stm32cube.ide.mcu.externaltools.gnu-tools-for-stm32.13.3.rel1.linux64_1.0.0.202410170706/tools/bin/../lib/gcc/arm-none-eabi/13.3.1/../../../../arm-none-eabi/lib/thumb/v7e-m+fp/hard/crt0.o (exit)
/opt/st/stm32cubeide_1.18.0/plugins/com.st.stm32cube.ide.mcu.externaltools.gnu-tools-for-stm32.13.3.rel1.linux64_1.0.0.202410170706/tools/bin/../lib/gcc/arm-none-eabi/13.3.1/../../../../arm-none-eabi/lib/thumb/v7e-m+fp/hard/libc_nano.a(libc_a-findfp.o)
                              /opt/st/stm32cubeide_1.18.0/plugins/com.st.stm32cube.ide.mcu.externaltools.gnu-tools-for-stm32.13.3.rel1.linux64_1.0.0.202410170706/tools/bin/../lib/gcc/arm-none-eabi/13.3.1/../../../../arm-none-eabi/lib/thumb/v7e-m+fp/hard/libc_nano.a(libc_a-exit.o) (__stdio_exit_handler)
/opt/st/stm32cubeide_1.18.0/plugins/com.st.stm32cube.ide.mcu.externaltools.gnu-tools-for-stm32.13.3.rel1.linux64_1.0.0.202410170706/tools/bin/../lib/gcc/arm-none-eabi/13.3.1/../../../../arm-none-eabi/lib/thumb/v7e-m+fp/hard/libc_nano.a(libc_a-fwalk.o)
                              /opt/st/stm32cubeide_1.18.0/plugins/com.st.stm32cube.ide.mcu.externaltools.gnu-tools-for-stm32.13.3.rel1.linux64_1.0.0.202410170706/tools/bin/../lib/gcc/arm-none-eabi/13.3.1/../../../../arm-none-eabi/lib/thumb/v7e-m+fp/hard/libc_nano.a(libc_a-findfp.o) (_fwalk_sglue)
/opt/st/stm32cubeide_1.18.0/plugins/com.st.stm32cube.ide.mcu.externaltools.gnu-tools-for-stm32.13.3.rel1.linux64_1.0.0.202410170706/tools/bin/../lib/gcc/arm-none-eabi/13.3.1/../../../../arm-none-eabi/lib/thumb/v7e-m+fp/hard/libc_nano.a(libc_a-stdio.o)
                              /opt/st/stm32cubeide_1.18.0/plugins/com.st.stm32cube.ide.mcu.externaltools.gnu-tools-for-stm32.13.3.rel1.linux64_1.0.0.202410170706/tools/bin/../lib/gcc/arm-none-eabi/13.3.1/../../../../arm-none-eabi/lib/thumb/v7e-m+fp/hard/libc_nano.a(libc_a-findfp.o) (__sread)
/opt/st/stm32cubeide_1.18.0/plugins/com.st.stm32cube.ide.mcu.externaltools.gnu-tools-for-stm32.13.3.rel1.linux64_1.0.0.202410170706/tools/bin/../lib/gcc/arm-none-eabi/13.3.1/../../../../arm-none-eabi/lib/thumb/v7e-m+fp/hard/libc_nano.a(libc_a-memset.o)
                              /opt/st/stm32cubeide_1.18.0/plugins/com.st.stm32cube.ide.mcu.externaltools.gnu-tools-for-stm32.13.3.rel1.linux64_1.0.0.202410170706/tools/bin/../lib/gcc/arm-none-eabi/13.3.1/../../../../arm-none-eabi/lib/thumb/v7e-m+fp/hard/crt0.o (memset)
/opt/st/stm32cubeide_1.18.0/plugins/com.st.stm32cube.ide.mcu.externaltools.gnu-tools-for-stm32.13.3.rel1.linux64_1.0.0.202410170706/tools/bin/../lib/gcc/arm-none-eabi/13.3.1/../../../../arm-none-eabi/lib/thumb/v7e-m+fp/hard/libc_nano.a(libc_a-closer.o)
                              /opt/st/stm32cubeide_1.18.0/plugins/com.st.stm32cube.ide.mcu.externaltools.gnu-tools-for-stm32.13.3.rel1.linux64_1.0.0.202410170706/tools/bin/../lib/gcc/arm-none-eabi/13.3.1/../../../../arm-none-eabi/lib/thumb/v7e-m+fp/hard/libc_nano.a(libc_a-stdio.o) (_close_r)
/opt/st/stm32cubeide_1.18.0/plugins/com.st.stm32cube.ide.mcu.externaltools.gnu-tools-for-stm32.13.3.rel1.linux64_1.0.0.202410170706/tools/bin/../lib/gcc/arm-none-eabi/13.3.1/../../../../arm-none-eabi/lib/thumb/v7e-m+fp/hard/libc_nano.a(libc_a-reent.o)
                              /opt/st/stm32cubeide_1.18.0/plugins/com.st.stm32cube.ide.mcu.externaltools.gnu-tools-for-stm32.13.3.rel1.linux64_1.0.0.202410170706/tools/bin/../lib/gcc/arm-none-eabi/13.3.1/../../../../arm-none-eabi/lib/thumb/v7e-m+fp/hard/libc_nano.a(libc_a-closer.o) (errno)
/opt/st/stm32cubeide_1.18.0/plugins/com.st.stm32cube.ide.mcu.externaltools.gnu-tools-for-stm32.13.3.rel1.linux64_1.0.0.202410170706/tools/bin/../lib/gcc/arm-none-eabi/13.3.1/../../../../arm-none-eabi/lib/thumb/v7e-m+fp/hard/libc_nano.a(libc_a-impure.o)
                              /opt/st/stm32cubeide_1.18.0/plugins/com.st.stm32cube.ide.mcu.externaltools.gnu-tools-for-stm32.13.3.rel1.linux64_1.0.0.202410170706/tools/bin/../lib/gcc/arm-none-eabi/13.3.1/../../../../arm-none-eabi/lib/thumb/v7e-m+fp/hard/libc_nano.a(libc_a-reent.o) (_impure_ptr)
/opt/st/stm32cubeide_1.18.0/plugins/com.st.stm32cube.ide.mcu.externaltools.gnu-tools-for-stm32.13.3.rel1.linux64_1.0.0.202410170706/tools/bin/../lib/gcc/arm-none-eabi/13.3.1/../../../../arm-none-eabi/lib/thumb/v7e-m+fp/hard/libc_nano.a(libc_a-lseekr.o)
                              /opt/st/stm32cubeide_1.18.0/plugins/com.st.stm32cube.ide.mcu.externaltools.gnu-tools-for-stm32.13.3.rel1.linux64_1.0.0.202410170706/tools/bin/../lib/gcc/arm-none-eabi/13.3.1/../../../../arm-none-eabi/lib/thumb/v7e-m+fp/hard/libc_nano.a(libc_a-stdio.o) (_lseek_r)
[...]
Memory Configuration

Name             Origin             Length             Attributes
RAM              0x20000000         0x00020000         xrw
FLASH            0x08000000         0x00080000         xr
*default*        0x00000000         0xffffffff

Linker script and memory map

LOAD /opt/st/stm32cubeide_1.18.0/plugins/com.st.stm32cube.ide.mcu.externaltools.gnu-tools-for-stm32.13.3.rel1.linux64_1.0.0.202410170706/tools/bin/../lib/gcc/arm-none-eabi/13.3.1/thumb/v7e-m+fp/hard/crti.o
LOAD /opt/st/stm32cubeide_1.18.0/plugins/com.st.stm32cube.ide.mcu.externaltools.gnu-tools-for-stm32.13.3.rel1.linux64_1.0.0.202410170706/tools/bin/../lib/gcc/arm-none-eabi/13.3.1/thumb/v7e-m+fp/hard/crtbegin.o
LOAD /opt/st/stm32cubeide_1.18.0/plugins/com.st.stm32cube.ide.mcu.externaltools.gnu-tools-for-stm32.13.3.rel1.linux64_1.0.0.202410170706/tools/bin/../lib/gcc/arm-none-eabi/13.3.1/../../../../arm-none-eabi/lib/thumb/v7e-m+fp/hard/crt0.o
LOAD ./Core/Src/BNO055.o
LOAD ./Core/Src/dma.o
LOAD ./Core/Src/gpio.o
LOAD ./Core/Src/i2c.o
LOAD ./Core/Src/main.o
LOAD ./Core/Src/stm32g4xx_hal_msp.o
LOAD ./Core/Src/stm32g4xx_it.o
LOAD ./Core/Src/syscalls.o
LOAD ./Core/Src/sysmem.o
LOAD ./Core/Src/system_stm32g4xx.o
LOAD ./Core/Src/tim.o
LOAD ./Core/Startup/startup_stm32g474retx.o
LOAD ./Drivers/STM32G4xx_HAL_Driver/Src/stm32g4xx_hal.o
LOAD ./Drivers/STM32G4xx_HAL_Driver/Src/stm32g4xx_hal_cortex.o
LOAD ./Drivers/STM32G4xx_HAL_Driver/Src/stm32g4xx_hal_dma.o
LOAD ./Drivers/STM32G4xx_HAL_Driver/Src/stm32g4xx_hal_dma_ex.o
LOAD ./Drivers/STM32G4xx_HAL_Driver/Src/stm32g4xx_hal_exti.o
LOAD ./Drivers/STM32G4xx_HAL_Driver/Src/stm32g4xx_hal_flash.o
LOAD ./Drivers/STM32G4xx_HAL_Driver/Src/stm32g4xx_hal_flash_ex.o
LOAD ./Drivers/STM32G4xx_HAL_Driver/Src/stm32g4xx_hal_flash_ramfunc.o
LOAD ./Drivers/STM32G4xx_HAL_Driver/Src/stm32g4xx_hal_gpio.o
LOAD ./Drivers/STM32G4xx_HAL_Driver/Src/stm32g4xx_hal_i2c.o
LOAD ./Drivers/STM32G4xx_HAL_Driver/Src/stm32g4xx_hal_i2c_ex.o
LOAD ./Drivers/STM32G4xx_HAL_Driver/Src/stm32g4xx_hal_pwr.o
LOAD ./Drivers/STM32G4xx_HAL_Driver/Src/stm32g4xx_hal_pwr_ex.o
LOAD ./Drivers/STM32G4xx_HAL_Driver/Src/stm32g4xx_hal_rcc.o
LOAD ./Drivers/STM32G4xx_HAL_Driver/Src/stm32g4xx_hal_rcc_ex.o
LOAD ./Drivers/STM32G4xx_HAL_Driver/Src/stm32g4xx_hal_tim.o
LOAD ./Drivers/STM32G4xx_HAL_Driver/Src/stm32g4xx_hal_tim_ex.o
START GROUP
LOAD /opt/st/stm32cubeide_1.18.0/plugins/com.st.stm32cube.ide.mcu.externaltools.gnu-tools-for-stm32.13.3.rel1.linux64_1.0.0.202410170706/tools/bin/../lib/gcc/arm-none-eabi/13.3.1/../../../../arm-none-eabi/lib/thumb/v7e-m+fp/hard/libc_nano.a
LOAD /opt/st/stm32cubeide_1.18.0/plugins/com.st.stm32cube.ide.mcu.externaltools.gnu-tools-for-stm32.13.3.rel1.linux64_1.0.0.202410170706/tools/bin/../lib/gcc/arm-none-eabi/13.3.1/../../../../arm-none-eabi/lib/thumb/v7e-m+fp/hard/libm.a
END GROUP
START GROUP
LOAD /opt/st/stm32cubeide_1.18.0/plugins/com.st.stm32cube.ide.mcu.externaltools.gnu-tools-for-stm32.13.3.rel1.linux64_1.0.0.202410170706/tools/bin/../lib/gcc/arm-none-eabi/13.3.1/thumb/v7e-m+fp/hard/libgcc.a
LOAD /opt/st/stm32cubeide_1.18.0/plugins/com.st.stm32cube.ide.mcu.externaltools.gnu-tools-for-stm32.13.3.rel1.linux64_1.0.0.202410170706/tools/bin/../lib/gcc/arm-none-eabi/13.3.1/../../../../arm-none-eabi/lib/thumb/v7e-m+fp/hard/libc_nano.a
END GROUP
START GROUP
LOAD /opt/st/stm32cubeide_1.18.0/plugins/com.st.stm32cube.ide.mcu.externaltools.gnu-tools-for-stm32.13.3.rel1.linux64_1.0.0.202410170706/tools/bin/../lib/gcc/arm-none-eabi/13.3.1/thumb/v7e-m+fp/hard/libgcc.a
LOAD /opt/st/stm32cubeide_1.18.0/plugins/com.st.stm32cube.ide.mcu.externaltools.gnu-tools-for-stm32.13.3.rel1.linux64_1.0.0.202410170706/tools/bin/../lib/gcc/arm-none-eabi/13.3.1/../../../../arm-none-eabi/lib/thumb/v7e-m+fp/hard/libc_nano.a
LOAD /opt/st/stm32cubeide_1.18.0/plugins/com.st.stm32cube.ide.mcu.externaltools.gnu-tools-for-stm32.13.3.rel1.linux64_1.0.0.202410170706/tools/bin/../lib/gcc/arm-none-eabi/13.3.1/../../../../arm-none-eabi/lib/thumb/v7e-m+fp/hard/libnosys.a
END GROUP
START GROUP
LOAD /opt/st/stm32cubeide_1.18.0/plugins/com.st.stm32cube.ide.mcu.externaltools.gnu-tools-for-stm32.13.3.rel1.linux64_1.0.0.202410170706/tools/bin/../lib/gcc/arm-none-eabi/13.3.1/thumb/v7e-m+fp/hard/libgcc.a
LOAD /opt/st/stm32cubeide_1.18.0/plugins/com.st.stm32cube.ide.mcu.externaltools.gnu-tools-for-stm32.13.3.rel1.linux64_1.0.0.202410170706/tools/bin/../lib/gcc/arm-none-eabi/13.3.1/../../../../arm-none-eabi/lib/thumb/v7e-m+fp/hard/libc_nano.a
LOAD /opt/st/stm32cubeide_1.18.0/plugins/com.st.stm32cube.ide.mcu.externaltools.gnu-tools-for-stm32.13.3.rel1.linux64_1.0.0.202410170706/tools/bin/../lib/gcc/arm-none-eabi/13.3.1/../../../../arm-none-eabi/lib/thumb/v7e-m+fp/hard/libnosys.a
END GROUP
LOAD /opt/st/stm32cubeide_1.18.0/plugins/com.st.stm32cube.ide.mcu.externaltools.gnu-tools-for-stm32.13.3.rel1.linux64_1.0.0.202410170706/tools/bin/../lib/gcc/arm-none-eabi/13.3.1/thumb/v7e-m+fp/hard/crtend.o
LOAD /opt/st/stm32cubeide_1.18.0/plugins/com.st.stm32cube.ide.mcu.externaltools.gnu-tools-for-stm32.13.3.rel1.linux64_1.0.0.202410170706/tools/bin/../lib/gcc/arm-none-eabi/13.3.1/thumb/v7e-m+fp/hard/crtn.o
                0x20020000                        _estack = (ORIGIN (RAM) + LENGTH (RAM))
                0x00000200                        _Min_Heap_Size = 0x200
                0x00000400                        _Min_Stack_Size = 0x400

.isr_vector     0x08000000      0x1d8
                0x08000000                        . = ALIGN (0x4)
 *(.isr_vector)
 .isr_vector    0x08000000      0x1d8 ./Core/Startup/startup_stm32g474retx.o
                0x08000000                g_pfnVectors
                0x080001d8                        . = ALIGN (0x4)

.text           0x080001d8     0x5128
                0x080001d8                        . = ALIGN (0x4)
 *(.text)
 .text          0x080001d8       0x40 /opt/st/stm32cubeide_1.18.0/plugins/com.st.stm32cube.ide.mcu.externaltools.gnu-tools-for-stm32.13.3.rel1.linux64_1.0.0.202410170706/tools/bin/../lib/gcc/arm-none-eabi/13.3.1/thumb/v7e-m+fp/hard/crtbegin.o
 *(.text*)
 .text.WriteReg
                0x08000218       0x54 ./Core/Src/BNO055.o
 .text.ReadReg  0x0800026c       0x52 ./Core/Src/BNO055.o
 .text.ReadRegs
                0x080002be       0x5c ./Core/Src/BNO055.o
 .text.BNO055_Init
                0x0800031a      0x138 ./Core/Src/BNO055.o
                0x0800031a                BNO055_Init
 .text.BNO055_SetMode
                0x08000452       0x94 ./Core/Src/BNO055.o
                0x08000452                BNO055_SetMode
 .text.BNO055_SetAxisRemap
                0x080004e6       0x74 ./Core/Src/BNO055.o
                0x080004e6                BNO055_SetAxisRemap
 .text.BNO055_LoadCalibration
                0x0800055a      0x184 ./Core/Src/BNO055.o
                0x0800055a                BNO055_LoadCalibration
 .text.BNO055_GetCalibration
                0x080006de      0x15a ./Core/Src/BNO055.o
                0x080006de                BNO055_GetCalibration
 .text.BNO055_GetCalibrationStatus
                0x08000838       0x8e ./Core/Src/BNO055.o
                0x08000838                BNO055_GetCalibrationStatus
 .text.BNO055_SoftReset
                0x080008c6       0x50 ./Core/Src/BNO055.o
                0x080008c6                BNO055_SoftReset
 *fill*         0x08000916        0x2 
 .text.BNO055_Update
                0x08000918      0x340 ./Core/Src/BNO055.o
                0x08000918                BNO055_Update
 .text.MX_DMA_Init
                0x08000c58       0x64 ./Core/Src/dma.o
                0x08000c58                MX_DMA_Init
 .text.MX_GPIO_Init
                0x08000cbc      0x100 ./Core/Src/gpio.o
                0x08000cbc                MX_GPIO_Init
 .text.MX_I2C1_Init
                0x08000dbc       0x80 ./Core/Src/i2c.o
                0x08000dbc                MX_I2C1_Init
 .text.HAL_I2C_MspInit
                0x08000e3c      0x188 ./Core/Src/i2c.o
                0x08000e3c                HAL_I2C_MspInit
 .text.Start_Calibration
                0x08000fc4       0x2c ./Core/Src/main.o
                0x08000fc4                Start_Calibration
 .text.Process_Calibration
                0x08000ff0       0xbc ./Core/Src/main.o
                0x08000ff0                Process_Calibration
 .text.main     0x080010ac      0x110 ./Core/Src/main.o
                0x080010ac                main
 .text.SystemClock_Config
                0x080011bc       0x96 ./Core/Src/main.o
                0x080011bc                SystemClock_Config
 *fill*         0x08001252        0x2 
 .text.HAL_GPIO_EXTI_Callback
                0x08001254       0x2c ./Core/Src/main.o
                0x08001254                HAL_GPIO_EXTI_Callback
 .text.HAL_TIM_PeriodElapsedCallback
                0x08001280       0x14 ./Core/Src/main.o
                0x08001280                HAL_TIM_PeriodElapsedCallback
 .text.Error_Handler
                0x08001294        0xc ./Core/Src/main.o
                0x08001294                Error_Handler
 .text.HAL_MspInit
                0x080012a0       0x48 ./Core/Src/stm32g4xx_hal_msp.o
                0x080012a0                HAL_MspInit
 .text.NMI_Handler
                0x080012e8        0x8 ./Core/Src/stm32g4xx_it.o
                0x080012e8                NMI_Handler
 .text.HardFault_Handler
                0x080012f0        0x8 ./Core/Src/stm32g4xx_it.o
                0x080012f0                HardFault_Handler
 .text.MemManage_Handler
                0x080012f8        0x8 ./Core/Src/stm32g4xx_it.o
                0x080012f8                MemManage_Handler
 .text.BusFault_Handler
                0x08001300        0x8 ./Core/Src/stm32g4xx_it.o
                0x08001300                BusFault_Handler
 .text.UsageFault_Handler
                0x08001308        0x8 ./Core/Src/stm32g4xx_it.o
                0x08001308                UsageFault_Handler
 .text.SVC_Handler
                0x08001310        0xe ./Core/Src/stm32g4xx_it.o
                0x08001310                SVC_Handler
 .text.DebugMon_Handler
                0x0800131e        0xe ./Core/Src/stm32g4xx_it.o
                0x0800131e                DebugMon_Handler
 .text.PendSV_Handler
                0x0800132c        0xe ./Core/Src/stm32g4xx_it.o
                0x0800132c                PendSV_Handler
 .text.SysTick_Handler
                0x0800133a        0xc ./Core/Src/stm32g4xx_it.o
                0x0800133a                SysTick_Handler
 *fill*         0x08001346        0x2 
 .text.DMA1_Channel1_IRQHandler
                0x08001348       0x14 ./Core/Src/stm32g4xx_it.o
                0x08001348                DMA1_Channel1_IRQHandler
 .text.DMA1_Channel2_IRQHandler
                0x0800135c       0x14 ./Core/Src/stm32g4xx_it.o
                0x0800135c                DMA1_Channel2_IRQHandler
 .text.TIM2_IRQHandler
                0x08001370       0x14 ./Core/Src/stm32g4xx_it.o
                0x08001370                TIM2_IRQHandler
 .text.I2C1_EV_IRQHandler
                0x08001384       0x14 ./Core/Src/stm32g4xx_it.o
                0x08001384                I2C1_EV_IRQHandler
 .text.I2C1_ER_IRQHandler
                0x08001398       0x14 ./Core/Src/stm32g4xx_it.o
                0x08001398                I2C1_ER_IRQHandler
 .text.EXTI15_10_IRQHandler
                0x080013ac       0x10 ./Core/Src/stm32g4xx_it.o
                0x080013ac                EXTI15_10_IRQHandler
 .text.SystemInit
                0x080013bc       0x24 ./Core/Src/system_stm32g4xx.o
                0x080013bc                SystemInit
 .text.MX_TIM2_Init
                0x080013e0       0x9c ./Core/Src/tim.o
                0x080013e0                MX_TIM2_Init
 .text.HAL_TIM_Base_MspInit
                0x0800147c       0x48 ./Core/Src/tim.o
                0x0800147c                HAL_TIM_Base_MspInit
 .text.Reset_Handler
                0x080014c4       0x50 ./Core/Startup/startup_stm32g474retx.o
                0x080014c4                Reset_Handler
 .text.Default_Handler
                0x08001514        0x2 ./Core/Startup/startup_stm32g474retx.o
                0x08001514                RTC_Alarm_IRQHandler
                0x08001514                EXTI2_IRQHandler
                0x08001514                TIM8_TRG_COM_IRQHandler
                0x08001514                TIM8_CC_IRQHandler
                0x08001514                HRTIM1_Master_IRQHandler
                0x08001514                SPI4_IRQHandler
                0x08001514                FDCAN3_IT0_IRQHandler
                0x08001514                TIM1_CC_IRQHandler
                0x08001514                HRTIM1_FLT_IRQHandler
                0x08001514                HRTIM1_TIMF_IRQHandler
                0x08001514                USB_HP_IRQHandler
                0x08001514                CORDIC_IRQHandler
                0x08001514                HRTIM1_TIMD_IRQHandler
                0x08001514                DMA2_Channel8_IRQHandler
                0x08001514                EXTI3_IRQHandler
                0x08001514                I2C3_ER_IRQHandler
                0x08001514                EXTI0_IRQHandler
                0x08001514                I2C2_EV_IRQHandler
                0x08001514                FPU_IRQHandler
                0x08001514                FDCAN1_IT1_IRQHandler
                0x08001514                TIM1_UP_TIM16_IRQHandler
                0x08001514                ADC1_2_IRQHandler
                0x08001514                HRTIM1_TIME_IRQHandler
                0x08001514                SPI1_IRQHandler
                0x08001514                TIM6_DAC_IRQHandler
                0x08001514                HRTIM1_TIMC_IRQHandler
                0x08001514                TIM8_UP_IRQHandler
                0x08001514                DMA2_Channel2_IRQHandler
                0x08001514                DMA1_Channel4_IRQHandler
                0x08001514                TIM20_TRG_COM_IRQHandler
                0x08001514                USART3_IRQHandler
                0x08001514                DMA1_Channel7_IRQHandler
                0x08001514                UART5_IRQHandler
                0x08001514                ADC3_IRQHandler
                0x08001514                TIM4_IRQHandler
                0x08001514                DMA2_Channel1_IRQHandler
                0x08001514                QUADSPI_IRQHandler
                0x08001514                DMA1_Channel6_IRQHandler
                0x08001514                UART4_IRQHandler
                0x08001514                DMA2_Channel4_IRQHandler
                0x08001514                TIM3_IRQHandler
                0x08001514                RCC_IRQHandler
                0x08001514                TIM20_UP_IRQHandler
                0x08001514                Default_Handler
                0x08001514                DMA2_Channel7_IRQHandler
                0x08001514                RTC_TAMP_LSECSS_IRQHandler
                0x08001514                FMAC_IRQHandler
                0x08001514                DMA1_Channel8_IRQHandler
                0x08001514                HRTIM1_TIMA_IRQHandler
                0x08001514                TIM7_DAC_IRQHandler
                0x08001514                FDCAN3_IT1_IRQHandler
                0x08001514                TIM5_IRQHandler
                0x08001514                UCPD1_IRQHandler
                0x08001514                I2C3_EV_IRQHandler
                0x08001514                EXTI9_5_IRQHandler
                0x08001514                RTC_WKUP_IRQHandler
                0x08001514                PVD_PVM_IRQHandler
                0x08001514                SPI2_IRQHandler
                0x08001514                ADC5_IRQHandler
                0x08001514                DMA2_Channel5_IRQHandler
                0x08001514                CRS_IRQHandler
                0x08001514                DMA1_Channel5_IRQHandler
                0x08001514                USB_LP_IRQHandler
                0x08001514                EXTI4_IRQHandler
                0x08001514                RNG_IRQHandler
                0x08001514                HRTIM1_TIMB_IRQHandler
                0x08001514                TIM1_TRG_COM_TIM17_IRQHandler
                0x08001514                FDCAN2_IT1_IRQHandler
                0x08001514                DMA1_Channel3_IRQHandler
                0x08001514                ADC4_IRQHandler
                0x08001514                WWDG_IRQHandler
                0x08001514                I2C4_EV_IRQHandler
                0x08001514                FDCAN2_IT0_IRQHandler
                0x08001514                LPUART1_IRQHandler
                0x08001514                DMA2_Channel6_IRQHandler
                0x08001514                FDCAN1_IT0_IRQHandler
                0x08001514                COMP7_IRQHandler
                0x08001514                COMP1_2_3_IRQHandler
                0x08001514                EXTI1_IRQHandler
                0x08001514                USART2_IRQHandler
                0x08001514                COMP4_5_6_IRQHandler
                0x08001514                TIM20_BRK_IRQHandler
                0x08001514                I2C2_ER_IRQHandler
                0x08001514                TIM8_BRK_IRQHandler
                0x08001514                FLASH_IRQHandler
                0x08001514                TIM20_CC_IRQHandler
                0x08001514                USART1_IRQHandler
                0x08001514                SPI3_IRQHandler
                0x08001514                FMC_IRQHandler
                0x08001514                LPTIM1_IRQHandler
                0x08001514                DMAMUX_OVR_IRQHandler
                0x08001514                I2C4_ER_IRQHandler
                0x08001514                USBWakeUp_IRQHandler
                0x08001514                SAI1_IRQHandler
                0x08001514                DMA2_Channel3_IRQHandler
                0x08001514                TIM1_BRK_TIM15_IRQHandler
 .text.HAL_Init
                0x08001516       0x30 ./Drivers/STM32G4xx_HAL_Driver/Src/stm32g4xx_hal.o
                0x08001516                HAL_Init
 *fill*         0x08001546        0x2 
 .text.HAL_InitTick
                0x08001548       0x74 ./Drivers/STM32G4xx_HAL_Driver/Src/stm32g4xx_hal.o
                0x08001548                HAL_InitTick
 .text.HAL_IncTick
                0x080015bc       0x24 ./Drivers/STM32G4xx_HAL_Driver/Src/stm32g4xx_hal.o
                0x080015bc                HAL_IncTick
 .text.HAL_GetTick
                0x080015e0       0x18 ./Drivers/STM32G4xx_HAL_Driver/Src/stm32g4xx_hal.o
                0x080015e0                HAL_GetTick
 .text.HAL_Delay
                0x080015f8       0x44 ./Drivers/STM32G4xx_HAL_Driver/Src/stm32g4xx_hal.o
                0x080015f8                HAL_Delay
 .text.__NVIC_SetPriorityGrouping
                0x0800163c       0x48 ./Drivers/STM32G4xx_HAL_Driver/Src/stm32g4xx_hal_cortex.o
 .text.__NVIC_GetPriorityGrouping
                0x08001684       0x1c ./Drivers/STM32G4xx_HAL_Driver/Src/stm32g4xx_hal_cortex.o
 .text.__NVIC_EnableIRQ
                0x080016a0       0x3c ./Drivers/STM32G4xx_HAL_Driver/Src/stm32g4xx_hal_cortex.o
 .text.__NVIC_SetPriority
                0x080016dc       0x54 ./Drivers/STM32G4xx_HAL_Driver/Src/stm32g4xx_hal_cortex.o
 .text.NVIC_EncodePriority
                0x08001730       0x66 ./Drivers/STM32G4xx_HAL_Driver/Src/stm32g4xx_hal_cortex.o
 *fill*         0x08001796        0x2 
 .text.SysTick_Config
                0x08001798       0x44 ./Drivers/STM32G4xx_HAL_Driver/Src/stm32g4xx_hal_cortex.o
 .text.HAL_NVIC_SetPriorityGrouping
                0x080017dc       0x16 ./Drivers/STM32G4xx_HAL_Driver/Src/stm32g4xx_hal_cortex.o
                0x080017dc                HAL_NVIC_SetPriorityGrouping
 .text.HAL_NVIC_SetPriority
                0x080017f2       0x34 ./Drivers/STM32G4xx_HAL_Driver/Src/stm32g4xx_hal_cortex.o
                0x080017f2                HAL_NVIC_SetPriority
 .text.HAL_NVIC_EnableIRQ
                0x08001826       0x1c ./Drivers/STM32G4xx_HAL_Driver/Src/stm32g4xx_hal_cortex.o
                0x08001826                HAL_NVIC_EnableIRQ
 .text.HAL_SYSTICK_Config
                0x08001842       0x18 ./Drivers/STM32G4xx_HAL_Driver/Src/stm32g4xx_hal_cortex.o
                0x08001842                HAL_SYSTICK_Config
 *fill*         0x0800185a        0x2 
 .text.HAL_DMA_Init
                0x0800185c      0x150 ./Drivers/STM32G4xx_HAL_Driver/Src/stm32g4xx_hal_dma.o
                0x0800185c                HAL_DMA_Init
 .text.HAL_DMA_Abort_IT
                0x080019ac       0xce ./Drivers/STM32G4xx_HAL_Driver/Src/stm32g4xx_hal_dma.o
                0x080019ac                HAL_DMA_Abort_IT
 .text.HAL_DMA_IRQHandler
                0x08001a7a      0x15e ./Drivers/STM32G4xx_HAL_Driver/Src/stm32g4xx_hal_dma.o
                0x08001a7a                HAL_DMA_IRQHandler
 .text.HAL_DMA_GetState
                0x08001bd8       0x1c ./Drivers/STM32G4xx_HAL_Driver/Src/stm32g4xx_hal_dma.o
                0x08001bd8                HAL_DMA_GetState
 .text.DMA_CalcDMAMUXChannelBaseAndMask
                0x08001bf4       0x7c ./Drivers/STM32G4xx_HAL_Driver/Src/stm32g4xx_hal_dma.o
 .text.DMA_CalcDMAMUXRequestGenBaseAndMask
                0x08001c70       0x48 ./Drivers/STM32G4xx_HAL_Driver/Src/stm32g4xx_hal_dma.o
 .text.HAL_GPIO_Init
                0x08001cb8      0x304 ./Drivers/STM32G4xx_HAL_Driver/Src/stm32g4xx_hal_gpio.o
                0x08001cb8                HAL_GPIO_Init
 .text.HAL_GPIO_WritePin
                0x08001fbc       0x30 ./Drivers/STM32G4xx_HAL_Driver/Src/stm32g4xx_hal_gpio.o
                0x08001fbc                HAL_GPIO_WritePin
 .text.HAL_GPIO_TogglePin
                0x08001fec       0x34 ./Drivers/STM32G4xx_HAL_Driver/Src/stm32g4xx_hal_gpio.o
                0x08001fec                HAL_GPIO_TogglePin
 .text.HAL_GPIO_EXTI_IRQHandler
                0x08002020       0x30 ./Drivers/STM32G4xx_HAL_Driver/Src/stm32g4xx_hal_gpio.o
                0x08002020                HAL_GPIO_EXTI_IRQHandler
 .text.HAL_I2C_Init
                0x08002050      0x136 ./Drivers/STM32G4xx_HAL_Driver/Src/stm32g4xx_hal_i2c.o
                0x08002050                HAL_I2C_Init
 *fill*         0x08002186        0x2 
 .text.HAL_I2C_Mem_Write
                0x08002188      0x228 ./Drivers/STM32G4xx_HAL_Driver/Src/stm32g4xx_hal_i2c.o
                0x08002188                HAL_I2C_Mem_Write
 .text.HAL_I2C_Mem_Read
                0x080023b0      0x234 ./Drivers/STM32G4xx_HAL_Driver/Src/stm32g4xx_hal_i2c.o
                0x080023b0                HAL_I2C_Mem_Read
 .text.HAL_I2C_EV_IRQHandler
                0x080025e4       0x34 ./Drivers/STM32G4xx_HAL_Driver/Src/stm32g4xx_hal_i2c.o
                0x080025e4                HAL_I2C_EV_IRQHandler
 .text.HAL_I2C_ER_IRQHandler
                0x08002618       0xc2 ./Drivers/STM32G4xx_HAL_Driver/Src/stm32g4xx_hal_i2c.o
                0x08002618                HAL_I2C_ER_IRQHandler
 .text.HAL_I2C_SlaveTxCpltCallback
                0x080026da       0x14 ./Drivers/STM32G4xx_HAL_Driver/Src/stm32g4xx_hal_i2c.o
                0x080026da                HAL_I2C_SlaveTxCpltCallback
 .text.HAL_I2C_SlaveRxCpltCallback
                0x080026ee       0x14 ./Drivers/STM32G4xx_HAL_Driver/Src/stm32g4xx_hal_i2c.o
                0x080026ee                HAL_I2C_SlaveRxCpltCallback
 .text.HAL_I2C_AddrCallback
                0x08002702       0x1c ./Drivers/STM32G4xx_HAL_Driver/Src/stm32g4xx_hal_i2c.o
                0x08002702                HAL_I2C_AddrCallback
 .text.HAL_I2C_ListenCpltCallback
                0x0800271e       0x14 ./Drivers/STM32G4xx_HAL_Driver/Src/stm32g4xx_hal_i2c.o
                0x0800271e                HAL_I2C_ListenCpltCallback
 .text.HAL_I2C_ErrorCallback
                0x08002732       0x14 ./Drivers/STM32G4xx_HAL_Driver/Src/stm32g4xx_hal_i2c.o
                0x08002732                HAL_I2C_ErrorCallback
 .text.HAL_I2C_AbortCpltCallback
                0x08002746       0x14 ./Drivers/STM32G4xx_HAL_Driver/Src/stm32g4xx_hal_i2c.o
                0x08002746                HAL_I2C_AbortCpltCallback
 .text.I2C_Slave_ISR_IT
                0x0800275a      0x208 ./Drivers/STM32G4xx_HAL_Driver/Src/stm32g4xx_hal_i2c.o
 *fill*         0x08002962        0x2 
 .text.I2C_RequestMemoryWrite
                0x08002964       0xa8 ./Drivers/STM32G4xx_HAL_Driver/Src/stm32g4xx_hal_i2c.o
 .text.I2C_RequestMemoryRead
                0x08002a0c       0xa8 ./Drivers/STM32G4xx_HAL_Driver/Src/stm32g4xx_hal_i2c.o
 .text.I2C_ITAddrCplt
                0x08002ab4      0x108 ./Drivers/STM32G4xx_HAL_Driver/Src/stm32g4xx_hal_i2c.o
 .text.I2C_ITSlaveSeqCplt
                0x08002bbc       0xbc ./Drivers/STM32G4xx_HAL_Driver/Src/stm32g4xx_hal_i2c.o
 .text.I2C_ITSlaveCplt
                0x08002c78      0x2d4 ./Drivers/STM32G4xx_HAL_Driver/Src/stm32g4xx_hal_i2c.o
 .text.I2C_ITListenCplt
                0x08002f4c       0xac ./Drivers/STM32G4xx_HAL_Driver/Src/stm32g4xx_hal_i2c.o
 .text.I2C_ITError
                0x08002ff8      0x1e0 ./Drivers/STM32G4xx_HAL_Driver/Src/stm32g4xx_hal_i2c.o
 .text.I2C_TreatErrorCallback
                0x080031d8       0x4e ./Drivers/STM32G4xx_HAL_Driver/Src/stm32g4xx_hal_i2c.o
 .text.I2C_Flush_TXDR
                0x08003226       0x48 ./Drivers/STM32G4xx_HAL_Driver/Src/stm32g4xx_hal_i2c.o
 .text.I2C_DMAAbort
                0x0800326e       0x3c ./Drivers/STM32G4xx_HAL_Driver/Src/stm32g4xx_hal_i2c.o
 .text.I2C_WaitOnFlagUntilTimeout
                0x080032aa       0xb2 ./Drivers/STM32G4xx_HAL_Driver/Src/stm32g4xx_hal_i2c.o
 .text.I2C_WaitOnTXISFlagUntilTimeout
                0x0800335c       0x8e ./Drivers/STM32G4xx_HAL_Driver/Src/stm32g4xx_hal_i2c.o
 .text.I2C_WaitOnSTOPFlagUntilTimeout
                0x080033ea       0x86 ./Drivers/STM32G4xx_HAL_Driver/Src/stm32g4xx_hal_i2c.o
 .text.I2C_IsErrorOccurred
                0x08003470      0x1c0 ./Drivers/STM32G4xx_HAL_Driver/Src/stm32g4xx_hal_i2c.o
 .text.I2C_TransferConfig
                0x08003630       0x64 ./Drivers/STM32G4xx_HAL_Driver/Src/stm32g4xx_hal_i2c.o
 .text.I2C_Disable_IRQ
                0x08003694       0xbc ./Drivers/STM32G4xx_HAL_Driver/Src/stm32g4xx_hal_i2c.o
 .text.HAL_I2CEx_ConfigAnalogFilter
                0x08003750       0x96 ./Drivers/STM32G4xx_HAL_Driver/Src/stm32g4xx_hal_i2c_ex.o
                0x08003750                HAL_I2CEx_ConfigAnalogFilter
 .text.HAL_I2CEx_ConfigDigitalFilter
                0x080037e6       0x98 ./Drivers/STM32G4xx_HAL_Driver/Src/stm32g4xx_hal_i2c_ex.o
                0x080037e6                HAL_I2CEx_ConfigDigitalFilter
 *fill*         0x0800387e        0x2 
 .text.HAL_PWREx_ControlVoltageScaling
                0x08003880      0x148 ./Drivers/STM32G4xx_HAL_Driver/Src/stm32g4xx_hal_pwr_ex.o
                0x08003880                HAL_PWREx_ControlVoltageScaling
 .text.HAL_PWREx_DisableUCPDDeadBattery
                0x080039c8       0x20 ./Drivers/STM32G4xx_HAL_Driver/Src/stm32g4xx_hal_pwr_ex.o
                0x080039c8                HAL_PWREx_DisableUCPDDeadBattery
 .text.HAL_RCC_OscConfig
                0x080039e8      0x624 ./Drivers/STM32G4xx_HAL_Driver/Src/stm32g4xx_hal_rcc.o
                0x080039e8                HAL_RCC_OscConfig
 .text.HAL_RCC_ClockConfig
                0x0800400c      0x278 ./Drivers/STM32G4xx_HAL_Driver/Src/stm32g4xx_hal_rcc.o
                0x0800400c                HAL_RCC_ClockConfig
 .text.HAL_RCC_GetSysClockFreq
                0x08004284       0xc4 ./Drivers/STM32G4xx_HAL_Driver/Src/stm32g4xx_hal_rcc.o
                0x08004284                HAL_RCC_GetSysClockFreq
 .text.RCC_GetSysClockFreqFromPLLSource
                0x08004348       0x8c ./Drivers/STM32G4xx_HAL_Driver/Src/stm32g4xx_hal_rcc.o
 .text.HAL_RCCEx_PeriphCLKConfig
                0x080043d4      0x49c ./Drivers/STM32G4xx_HAL_Driver/Src/stm32g4xx_hal_rcc_ex.o
                0x080043d4                HAL_RCCEx_PeriphCLKConfig
 .text.HAL_TIM_Base_Init
                0x08004870       0xae ./Drivers/STM32G4xx_HAL_Driver/Src/stm32g4xx_hal_tim.o
                0x08004870                HAL_TIM_Base_Init
 .text.HAL_TIM_IRQHandler
                0x0800491e      0x29e ./Drivers/STM32G4xx_HAL_Driver/Src/stm32g4xx_hal_tim.o
                0x0800491e                HAL_TIM_IRQHandler
 .text.HAL_TIM_ConfigClockSource
                0x08004bbc      0x22c ./Drivers/STM32G4xx_HAL_Driver/Src/stm32g4xx_hal_tim.o
                0x08004bbc                HAL_TIM_ConfigClockSource
 .text.HAL_TIM_OC_DelayElapsedCallback
                0x08004de8       0x14 ./Drivers/STM32G4xx_HAL_Driver/Src/stm32g4xx_hal_tim.o
                0x08004de8                HAL_TIM_OC_DelayElapsedCallback
 .text.HAL_TIM_IC_CaptureCallback
                0x08004dfc       0x14 ./Drivers/STM32G4xx_HAL_Driver/Src/stm32g4xx_hal_tim.o
                0x08004dfc                HAL_TIM_IC_CaptureCallback
 .text.HAL_TIM_PWM_PulseFinishedCallback
                0x08004e10       0x14 ./Drivers/STM32G4xx_HAL_Driver/Src/stm32g4xx_hal_tim.o
                0x08004e10                HAL_TIM_PWM_PulseFinishedCallback
 .text.HAL_TIM_TriggerCallback
                0x08004e24       0x14 ./Drivers/STM32G4xx_HAL_Driver/Src/stm32g4xx_hal_tim.o
                0x08004e24                HAL_TIM_TriggerCallback
 .text.TIM_Base_SetConfig
                0x08004e38      0x168 ./Drivers/STM32G4xx_HAL_Driver/Src/stm32g4xx_hal_tim.o
                0x08004e38                TIM_Base_SetConfig
 .text.TIM_TI1_ConfigInputStage
                0x08004fa0       0x5e ./Drivers/STM32G4xx_HAL_Driver/Src/stm32g4xx_hal_tim.o
 .text.TIM_TI2_ConfigInputStage
                0x08004ffe       0x60 ./Drivers/STM32G4xx_HAL_Driver/Src/stm32g4xx_hal_tim.o
 .text.TIM_ITRx_SetConfig
                0x0800505e       0x3a ./Drivers/STM32G4xx_HAL_Driver/Src/stm32g4xx_hal_tim.o
 .text.TIM_ETR_SetConfig
                0x08005098       0x40 ./Drivers/STM32G4xx_HAL_Driver/Src/stm32g4xx_hal_tim.o
                0x08005098                TIM_ETR_SetConfig
 .text.HAL_TIMEx_MasterConfigSynchronization
                0x080050d8      0x12c ./Drivers/STM32G4xx_HAL_Driver/Src/stm32g4xx_hal_tim_ex.o
                0x080050d8                HAL_TIMEx_MasterConfigSynchronization
 .text.HAL_TIMEx_CommutCallback
                0x08005204       0x14 ./Drivers/STM32G4xx_HAL_Driver/Src/stm32g4xx_hal_tim_ex.o
                0x08005204                HAL_TIMEx_CommutCallback
 .text.HAL_TIMEx_BreakCallback
                0x08005218       0x14 ./Drivers/STM32G4xx_HAL_Driver/Src/stm32g4xx_hal_tim_ex.o
                0x08005218                HAL_TIMEx_BreakCallback
 .text.HAL_TIMEx_Break2Callback
                0x0800522c       0x14 ./Drivers/STM32G4xx_HAL_Driver/Src/stm32g4xx_hal_tim_ex.o
                0x0800522c                HAL_TIMEx_Break2Callback
 .text.HAL_TIMEx_EncoderIndexCallback
                0x08005240       0x14 ./Drivers/STM32G4xx_HAL_Driver/Src/stm32g4xx_hal_tim_ex.o
                0x08005240                HAL_TIMEx_EncoderIndexCallback
 .text.HAL_TIMEx_DirectionChangeCallback
                0x08005254       0x14 ./Drivers/STM32G4xx_HAL_Driver/Src/stm32g4xx_hal_tim_ex.o
                0x08005254                HAL_TIMEx_DirectionChangeCallback
 .text.HAL_TIMEx_IndexErrorCallback
                0x08005268       0x14 ./Drivers/STM32G4xx_HAL_Driver/Src/stm32g4xx_hal_tim_ex.o
                0x08005268                HAL_TIMEx_IndexErrorCallback
 .text.HAL_TIMEx_TransitionErrorCallback
                0x0800527c       0x14 ./Drivers/STM32G4xx_HAL_Driver/Src/stm32g4xx_hal_tim_ex.o
                0x0800527c                HAL_TIMEx_TransitionErrorCallback
 .text.memset   0x08005290       0x10 /opt/st/stm32cubeide_1.18.0/plugins/com.st.stm32cube.ide.mcu.externaltools.gnu-tools-for-stm32.13.3.rel1.linux64_1.0.0.202410170706/tools/bin/../lib/gcc/arm-none-eabi/13.3.1/../../../../arm-none-eabi/lib/thumb/v7e-m+fp/hard/libc_nano.a(libc_a-memset.o)
                0x08005290                memset
 .text.__libc_init_array
                0x080052a0       0x48 /opt/st/stm32cubeide_1.18.0/plugins/com.st.stm32cube.ide.mcu.externaltools.gnu-tools-for-stm32.13.3.rel1.linux64_1.0.0.202410170706/tools/bin/../lib/gcc/arm-none-eabi/13.3.1/../../../../arm-none-eabi/lib/thumb/v7e-m+fp/hard/libc_nano.a(libc_a-init.o)
                0x080052a0                __libc_init_array
 *(.glue_7)
 .glue_7        0x080052e8        0x0 linker stubs
 *(.glue_7t)
 .glue_7t       0x080052e8        0x0 linker stubs
 *(.eh_frame)
 .eh_frame      0x080052e8        0x0 /opt/st/stm32cubeide_1.18.0/plugins/com.st.stm32cube.ide.mcu.externaltools.gnu-tools-for-stm32.13.3.rel1.linux64_1.0.0.202410170706/tools/bin/../lib/gcc/arm-none-eabi/13.3.1/thumb/v7e-m+fp/hard/crtbegin.o
 *(.init)
 .init          0x080052e8        0x4 /opt/st/stm32cubeide_1.18.0/plugins/com.st.stm32cube.ide.mcu.externaltools.gnu-tools-for-stm32.13.3.rel1.linux64_1.0.0.202410170706/tools/bin/../lib/gcc/arm-none-eabi/13.3.1/thumb/v7e-m+fp/hard/crti.o
                0x080052e8                _init
 .init          0x080052ec        0x8 /opt/st/stm32cubeide_1.18.0/plugins/com.st.stm32cube.ide.mcu.externaltools.gnu-tools-for-stm32.13.3.rel1.linux64_1.0.0.202410170706/tools/bin/../lib/gcc/arm-none-eabi/13.3.1/thumb/v7e-m+fp/hard/crtn.o
 *(.fini)
 .fini          0x080052f4        0x4 /opt/st/stm32cubeide_1.18.0/plugins/com.st.stm32cube.ide.mcu.externaltools.gnu-tools-for-stm32.13.3.rel1.linux64_1.0.0.202410170706/tools/bin/../lib/gcc/arm-none-eabi/13.3.1/thumb/v7e-m+fp/hard/crti.o
                0x080052f4                _fini
 .fini          0x080052f8        0x8 /opt/st/stm32cubeide_1.18.0/plugins/com.st.stm32cube.ide.mcu.externaltools.gnu-tools-for-stm32.13.3.rel1.linux64_1.0.0.202410170706/tools/bin/../lib/gcc/arm-none-eabi/13.3.1/thumb/v7e-m+fp/hard/crtn.o
                0x08005300                        . = ALIGN (0x4)
                0x08005300                        _etext = .

.vfp11_veneer   0x08005300        0x0
 .vfp11_veneer  0x08005300        0x0 linker stubs

.v4_bx          0x08005300        0x0
 .v4_bx         0x08005300        0x0 linker stubs

.iplt           0x08005300        0x0
 .iplt          0x08005300        0x0 /opt/st/stm32cubeide_1.18.0/plugins/com.st.stm32cube.ide.mcu.externaltools.gnu-tools-for-stm32.13.3.rel1.linux64_1.0.0.202410170706/tools/bin/../lib/gcc/arm-none-eabi/13.3.1/thumb/v7e-m+fp/hard/crtbegin.o

.rodata         0x08005300       0x28
                0x08005300                        . = ALIGN (0x4)
 *(.rodata)
 *(.rodata*)
 .rodata.saved_calib
                0x08005300       0x16 ./Core/Src/main.o
                0x08005300                saved_calib
 *fill*         0x08005316        0x2 
 .rodata.AHBPrescTable
                0x08005318       0x10 ./Core/Src/system_stm32g4xx.o
                0x08005318                AHBPrescTable
                0x08005328                        . = ALIGN (0x4)

.ARM.extab      0x08005328        0x0
                0x08005328                        . = ALIGN (0x4)
 *(.ARM.extab* .gnu.linkonce.armextab.*)
                0x08005328                        . = ALIGN (0x4)

.ARM            0x08005328        0x0
                0x08005328                        . = ALIGN (0x4)
                0x08005328                        __exidx_start = .
 *(.ARM.exidx*)
                0x08005328                        __exidx_end = .
                0x08005328                        . = ALIGN (0x4)

.preinit_array  0x08005328        0x0
                0x08005328                        . = ALIGN (0x4)
                0x08005328                        PROVIDE (__preinit_array_start = .)
 *(.preinit_array*)
                0x08005328                        PROVIDE (__preinit_array_end = .)
                0x08005328                        . = ALIGN (0x4)

.init_array     0x08005328        0x4
                0x08005328                        . = ALIGN (0x4)
                0x08005328                        PROVIDE (__init_array_start = .)
 *(SORT_BY_NAME(.init_array.*))
 *(.init_array*)
 .init_array    0x08005328        0x4 /opt/st/stm32cubeide_1.18.0/plugins/com.st.stm32cube.ide.mcu.externaltools.gnu-tools-for-stm32.13.3.rel1.linux64_1.0.0.202410170706/tools/bin/../lib/gcc/arm-none-eabi/13.3.1/thumb/v7e-m+fp/hard/crtbegin.o
                0x0800532c                        PROVIDE (__init_array_end = .)
                0x0800532c                        . = ALIGN (0x4)

.fini_array     0x0800532c        0x4
                0x0800532c                        . = ALIGN (0x4)
                [!provide]                        PROVIDE (__fini_array_start = .)
 *(SORT_BY_NAME(.fini_array.*))
 *(.fini_array*)
 .fini_array    0x0800532c        0x4 /opt/st/stm32cubeide_1.18.0/plugins/com.st.stm32cube.ide.mcu.externaltools.gnu-tools-for-stm32.13.3.rel1.linux64_1.0.0.202410170706/tools/bin/../lib/gcc/arm-none-eabi/13.3.1/thumb/v7e-m+fp/hard/crtbegin.o
                [!provide]                        PROVIDE (__fini_array_end = .)
                0x08005330                        . = ALIGN (0x4)
                0x08005330                        _sidata = LOADADDR (.data)

.rel.dyn        0x08005330        0x0
 .rel.iplt      0x08005330        0x0 /opt/st/stm32cubeide_1.18.0/plugins/com.st.stm32cube.ide.mcu.externaltools.gnu-tools-for-stm32.13.3.rel1.linux64_1.0.0.202410170706/tools/bin/../lib/gcc/arm-none-eabi/13.3.1/thumb/v7e-m+fp/hard/crtbegin.o

.data           0x20000000        0xc load address 0x08005330
                0x20000000                        . = ALIGN (0x4)
                0x20000000                        _sdata = .
 *(.data)
 *(.data*)
 .data.SystemCoreClock
                0x20000000        0x4 ./Core/Src/system_stm32g4xx.o
                0x20000000                SystemCoreClock
 .data.uwTickPrio
                0x20000004        0x4 ./Drivers/STM32G4xx_HAL_Driver/Src/stm32g4xx_hal.o
                0x20000004                uwTickPrio
 .data.uwTickFreq
                0x20000008        0x4 ./Drivers/STM32G4xx_HAL_Driver/Src/stm32g4xx_hal.o
                0x20000008                uwTickFreq
 *(.RamFunc)
 *(.RamFunc*)
                0x2000000c                        . = ALIGN (0x4)
                0x2000000c                        _edata = .

.igot.plt       0x2000000c        0x0 load address 0x0800533c
 .igot.plt      0x2000000c        0x0 /opt/st/stm32cubeide_1.18.0/plugins/com.st.stm32cube.ide.mcu.externaltools.gnu-tools-for-stm32.13.3.rel1.linux64_1.0.0.202410170706/tools/bin/../lib/gcc/arm-none-eabi/13.3.1/thumb/v7e-m+fp/hard/crtbegin.o
                0x2000000c                        . = ALIGN (0x4)

.bss            0x2000000c      0x22c load address 0x0800533c
                0x2000000c                        _sbss = .
                0x2000000c                        __bss_start__ = _sbss
 *(.bss)
 .bss           0x2000000c       0x1c /opt/st/stm32cubeide_1.18.0/plugins/com.st.stm32cube.ide.mcu.externaltools.gnu-tools-for-stm32.13.3.rel1.linux64_1.0.0.202410170706/tools/bin/../lib/gcc/arm-none-eabi/13.3.1/thumb/v7e-m+fp/hard/crtbegin.o
 *(.bss*)
 .bss.hi2c1     0x20000028       0x54 ./Core/Src/i2c.o
                0x20000028                hi2c1
 .bss.hdma_i2c1_rx
                0x2000007c       0x60 ./Core/Src/i2c.o
                0x2000007c                hdma_i2c1_rx
 .bss.hdma_i2c1_tx
                0x200000dc       0x60 ./Core/Src/i2c.o
                0x200000dc                hdma_i2c1_tx
 .bss.bno       0x2000013c       0x84 ./Core/Src/main.o
                0x2000013c                bno
 .bss.calibration_mode
                0x200001c0        0x1 ./Core/Src/main.o
                0x200001c0                calibration_mode
 *fill*         0x200001c1        0x3 
 .bss.calibration_start_time
                0x200001c4        0x4 ./Core/Src/main.o
                0x200001c4                calibration_start_time
 .bss.new_calib
                0x200001c8       0x16 ./Core/Src/main.o
                0x200001c8                new_calib
 *fill*         0x200001de        0x2 
 .bss.last_check.1
                0x200001e0        0x4 ./Core/Src/main.o
 .bss.last_update.0
                0x200001e4        0x4 ./Core/Src/main.o
 .bss.htim2     0x200001e8       0x4c ./Core/Src/tim.o
                0x200001e8                htim2
 .bss.uwTick    0x20000234        0x4 ./Drivers/STM32G4xx_HAL_Driver/Src/stm32g4xx_hal.o
                0x20000234                uwTick
 *(COMMON)
                0x20000238                        . = ALIGN (0x4)
                0x20000238                        _ebss = .
                0x20000238                        __bss_end__ = _ebss

._user_heap_stack
                0x20000238      0x600 load address 0x0800533c
                0x20000238                        . = ALIGN (0x8)
                [!provide]                        PROVIDE (end = .)
                0x20000238                        PROVIDE (_end = .)
                0x20000438                        . = (. + _Min_Heap_Size)
 *fill*         0x20000238      0x200 
                0x20000838                        . = (. + _Min_Stack_Size)
 *fill*         0x20000438      0x400 
                0x20000838                        . = ALIGN (0x8)

/DISCARD/
 libc.a(*)
 libm.a(*)
 libgcc.a(*)

.ARM.attributes
                0x00000000       0x30
 *(.ARM.attributes)
 .ARM.attributes
                0x00000000       0x22 /opt/st/stm32cubeide_1.18.0/plugins/com.st.stm32cube.ide.mcu.externaltools.gnu-tools-for-stm32.13.3.rel1.linux64_1.0.0.202410170706/tools/bin/../lib/gcc/arm-none-eabi/13.3.1/thumb/v7e-m+fp/hard/crti.o
 .ARM.attributes
                0x00000022       0x34 /opt/st/stm32cubeide_1.18.0/plugins/com.st.stm32cube.ide.mcu.externaltools.gnu-tools-for-stm32.13.3.rel1.linux64_1.0.0.202410170706/tools/bin/../lib/gcc/arm-none-eabi/13.3.1/thumb/v7e-m+fp/hard/crtbegin.o
 .ARM.attributes
                0x00000056       0x34 ./Core/Src/BNO055.o
 .ARM.attributes
                0x0000008a       0x34 ./Core/Src/dma.o
 .ARM.attributes
                0x000000be       0x34 ./Core/Src/gpio.o
 .ARM.attributes
                0x000000f2       0x34 ./Core/Src/i2c.o
 .ARM.attributes
                0x00000126       0x34 ./Core/Src/main.o
 .ARM.attributes
                0x0000015a       0x34 ./Core/Src/stm32g4xx_hal_msp.o
 .ARM.attributes
                0x0000018e       0x34 ./Core/Src/stm32g4xx_it.o
 .ARM.attributes
                0x000001c2       0x34 ./Core/Src/system_stm32g4xx.o
 .ARM.attributes
                0x000001f6       0x34 ./Core/Src/tim.o
 .ARM.attributes
                0x0000022a       0x21 ./Core/Startup/startup_stm32g474retx.o
 .ARM.attributes
                0x0000024b       0x34 ./Drivers/STM32G4xx_HAL_Driver/Src/stm32g4xx_hal.o
 .ARM.attributes
                0x0000027f       0x34 ./Drivers/STM32G4xx_HAL_Driver/Src/stm32g4xx_hal_cortex.o
 .ARM.attributes
                0x000002b3       0x34 ./Drivers/STM32G4xx_HAL_Driver/Src/stm32g4xx_hal_dma.o
 .ARM.attributes
                0x000002e7       0x34 ./Drivers/STM32G4xx_HAL_Driver/Src/stm32g4xx_hal_gpio.o
 .ARM.attributes
                0x0000031b       0x34 ./Drivers/STM32G4xx_HAL_Driver/Src/stm32g4xx_hal_i2c.o
 .ARM.attributes
                0x0000034f       0x34 ./Drivers/STM32G4xx_HAL_Driver/Src/stm32g4xx_hal_i2c_ex.o
 .ARM.attributes
                0x00000383       0x34 ./Drivers/STM32G4xx_HAL_Driver/Src/stm32g4xx_hal_pwr_ex.o
 .ARM.attributes
                0x000003b7       0x34 ./Drivers/STM32G4xx_HAL_Driver/Src/stm32g4xx_hal_rcc.o
 .ARM.attributes
                0x000003eb       0x34 ./Drivers/STM32G4xx_HAL_Driver/Src/stm32g4xx_hal_rcc_ex.o
 .ARM.attributes
                0x0000041f       0x34 ./Drivers/STM32G4xx_HAL_Driver/Src/stm32g4xx_hal_tim.o
 .ARM.attributes
                0x00000453       0x34 ./Drivers/STM32G4xx_HAL_Driver/Src/stm32g4xx_hal_tim_ex.o
 .ARM.attributes
                0x00000487       0x34 /opt/st/stm32cubeide_1.18.0/plugins/com.st.stm32cube.ide.mcu.externaltools.gnu-tools-for-stm32.13.3.rel1.linux64_1.0.0.202410170706/tools/bin/../lib/gcc/arm-none-eabi/13.3.1/../../../../arm-none-eabi/lib/thumb/v7e-m+fp/hard/libc_nano.a(libc_a-memset.o)
 .ARM.attributes
                0x000004bb       0x34 /opt/st/stm32cubeide_1.18.0/plugins/com.st.stm32cube.ide.mcu.externaltools.gnu-tools-for-stm32.13.3.rel1.linux64_1.0.0.202410170706/tools/bin/../lib/gcc/arm-none-eabi/13.3.1/../../../../arm-none-eabi/lib/thumb/v7e-m+fp/hard/libc_nano.a(libc_a-init.o)
 .ARM.attributes
                0x000004ef       0x22 /opt/st/stm32cubeide_1.18.0/plugins/com.st.stm32cube.ide.mcu.externaltools.gnu-tools-for-stm32.13.3.rel1.linux64_1.0.0.202410170706/tools/bin/../lib/gcc/arm-none-eabi/13.3.1/thumb/v7e-m+fp/hard/crtn.o
OUTPUT(bno055_config.elf elf32-littlearm)
LOAD linker stubs
LOAD /opt/st/stm32cubeide_1.18.0/plugins/com.st.stm32cube.ide.mcu.externaltools.gnu-tools-for-stm32.13.3.rel1.linux64_1.0.0.202410170706/tools/bin/../lib/gcc/arm-none-eabi/13.3.1/../../../../arm-none-eabi/lib/thumb/v7e-m+fp/hard/libc.a
LOAD /opt/st/stm32cubeide_1.18.0/plugins/com.st.stm32cube.ide.mcu.externaltools.gnu-tools-for-stm32.13.3.rel1.linux64_1.0.0.202410170706/tools/bin/../lib/gcc/arm-none-eabi/13.3.1/../../../../arm-none-eabi/lib/thumb/v7e-m+fp/hard/libm.a
LOAD /opt/st/stm32cubeide_1.18.0/plugins/com.st.stm32cube.ide.mcu.externaltools.gnu-tools-for-stm32.13.3.rel1.linux64_1.0.0.202410170706/tools/bin/../lib/gcc/arm-none-eabi/13.3.1/thumb/v7e-m+fp/hard/libgcc.a

.debug_info     0x00000000    0x126fd
 .debug_info    0x00000000     0x109f ./Core/Src/BNO055.o
 .debug_info    0x0000109f      0x5ac ./Core/Src/dma.o
 .debug_info    0x0000164b      0x776 ./Core/Src/gpio.o
 .debug_info    0x00001dc1      0xfe8 ./Core/Src/i2c.o
 .debug_info    0x00002da9     0x1447 ./Core/Src/main.o
 .debug_info    0x000041f0      0x2da ./Core/Src/stm32g4xx_hal_msp.o
 .debug_info    0x000044ca      0xc72 ./Core/Src/stm32g4xx_it.o
 .debug_info    0x0000513c      0x58e ./Core/Src/system_stm32g4xx.o
 .debug_info    0x000056ca      0xea8 ./Core/Src/tim.o
 .debug_info    0x00006572       0x30 ./Core/Startup/startup_stm32g474retx.o
 .debug_info    0x000065a2      0xb95 ./Drivers/STM32G4xx_HAL_Driver/Src/stm32g4xx_hal.o
 .debug_info    0x00007137      0xdf9 ./Drivers/STM32G4xx_HAL_Driver/Src/stm32g4xx_hal_cortex.o
 .debug_info    0x00007f30      0x85f ./Drivers/STM32G4xx_HAL_Driver/Src/stm32g4xx_hal_dma.o
 .debug_info    0x0000878f      0x763 ./Drivers/STM32G4xx_HAL_Driver/Src/stm32g4xx_hal_gpio.o
 .debug_info    0x00008ef2     0x21ea ./Drivers/STM32G4xx_HAL_Driver/Src/stm32g4xx_hal_i2c.o
 .debug_info    0x0000b0dc      0xad6 ./Drivers/STM32G4xx_HAL_Driver/Src/stm32g4xx_hal_i2c_ex.o
 .debug_info    0x0000bbb2      0x93f ./Drivers/STM32G4xx_HAL_Driver/Src/stm32g4xx_hal_pwr_ex.o
 .debug_info    0x0000c4f1      0xbe0 ./Drivers/STM32G4xx_HAL_Driver/Src/stm32g4xx_hal_rcc.o
 .debug_info    0x0000d0d1      0xc45 ./Drivers/STM32G4xx_HAL_Driver/Src/stm32g4xx_hal_rcc_ex.o
 .debug_info    0x0000dd16     0x2c52 ./Drivers/STM32G4xx_HAL_Driver/Src/stm32g4xx_hal_tim.o
 .debug_info    0x00010968     0x1d95 ./Drivers/STM32G4xx_HAL_Driver/Src/stm32g4xx_hal_tim_ex.o

.debug_abbrev   0x00000000     0x2a8b
 .debug_abbrev  0x00000000      0x29b ./Core/Src/BNO055.o
 .debug_abbrev  0x0000029b      0x109 ./Core/Src/dma.o
 .debug_abbrev  0x000003a4      0x15b ./Core/Src/gpio.o
 .debug_abbrev  0x000004ff      0x22e ./Core/Src/i2c.o
 .debug_abbrev  0x0000072d      0x326 ./Core/Src/main.o
 .debug_abbrev  0x00000a53       0xd9 ./Core/Src/stm32g4xx_hal_msp.o
 .debug_abbrev  0x00000b2c      0x1ea ./Core/Src/stm32g4xx_it.o
 .debug_abbrev  0x00000d16      0x11a ./Core/Src/system_stm32g4xx.o
 .debug_abbrev  0x00000e30      0x226 ./Core/Src/tim.o
 .debug_abbrev  0x00001056       0x24 ./Core/Startup/startup_stm32g474retx.o
 .debug_abbrev  0x0000107a      0x271 ./Drivers/STM32G4xx_HAL_Driver/Src/stm32g4xx_hal.o
 .debug_abbrev  0x000012eb      0x31c ./Drivers/STM32G4xx_HAL_Driver/Src/stm32g4xx_hal_cortex.o
 .debug_abbrev  0x00001607      0x1e2 ./Drivers/STM32G4xx_HAL_Driver/Src/stm32g4xx_hal_dma.o
 .debug_abbrev  0x000017e9      0x1cb ./Drivers/STM32G4xx_HAL_Driver/Src/stm32g4xx_hal_gpio.o
 .debug_abbrev  0x000019b4      0x25e ./Drivers/STM32G4xx_HAL_Driver/Src/stm32g4xx_hal_i2c.o
 .debug_abbrev  0x00001c12      0x1c0 ./Drivers/STM32G4xx_HAL_Driver/Src/stm32g4xx_hal_i2c_ex.o
 .debug_abbrev  0x00001dd2      0x22c ./Drivers/STM32G4xx_HAL_Driver/Src/stm32g4xx_hal_pwr_ex.o
 .debug_abbrev  0x00001ffe      0x2c9 ./Drivers/STM32G4xx_HAL_Driver/Src/stm32g4xx_hal_rcc.o
 .debug_abbrev  0x000022c7      0x258 ./Drivers/STM32G4xx_HAL_Driver/Src/stm32g4xx_hal_rcc_ex.o
 .debug_abbrev  0x0000251f      0x2a7 ./Drivers/STM32G4xx_HAL_Driver/Src/stm32g4xx_hal_tim.o
 .debug_abbrev  0x000027c6      0x2c5 ./Drivers/STM32G4xx_HAL_Driver/Src/stm32g4xx_hal_tim_ex.o

.debug_aranges  0x00000000     0x1170
 .debug_aranges
                0x00000000       0x90 ./Core/Src/BNO055.o
 .debug_aranges
                0x00000090       0x20 ./Core/Src/dma.o
 .debug_aranges
                0x000000b0       0x20 ./Core/Src/gpio.o
 .debug_aranges
                0x000000d0       0x30 ./Core/Src/i2c.o
 .debug_aranges
                0x00000100       0x58 ./Core/Src/main.o
 .debug_aranges
                0x00000158       0x20 ./Core/Src/stm32g4xx_hal_msp.o
 .debug_aranges
                0x00000178       0x90 ./Core/Src/stm32g4xx_it.o
 .debug_aranges
                0x00000208       0x28 ./Core/Src/system_stm32g4xx.o
 .debug_aranges
                0x00000230       0x30 ./Core/Src/tim.o
 .debug_aranges
                0x00000260       0x28 ./Core/Startup/startup_stm32g474retx.o
 .debug_aranges
                0x00000288      0x148 ./Drivers/STM32G4xx_HAL_Driver/Src/stm32g4xx_hal.o
 .debug_aranges
                0x000003d0      0x128 ./Drivers/STM32G4xx_HAL_Driver/Src/stm32g4xx_hal_cortex.o
 .debug_aranges
                0x000004f8       0x90 ./Drivers/STM32G4xx_HAL_Driver/Src/stm32g4xx_hal_dma.o
 .debug_aranges
                0x00000588       0x58 ./Drivers/STM32G4xx_HAL_Driver/Src/stm32g4xx_hal_gpio.o
 .debug_aranges
                0x000005e0      0x2a0 ./Drivers/STM32G4xx_HAL_Driver/Src/stm32g4xx_hal_i2c.o
 .debug_aranges
                0x00000880       0x48 ./Drivers/STM32G4xx_HAL_Driver/Src/stm32g4xx_hal_i2c_ex.o
 .debug_aranges
                0x000008c8      0x140 ./Drivers/STM32G4xx_HAL_Driver/Src/stm32g4xx_hal_pwr_ex.o
 .debug_aranges
                0x00000a08       0x98 ./Drivers/STM32G4xx_HAL_Driver/Src/stm32g4xx_hal_rcc.o
 .debug_aranges
                0x00000aa0       0xb0 ./Drivers/STM32G4xx_HAL_Driver/Src/stm32g4xx_hal_rcc_ex.o
 .debug_aranges
                0x00000b50      0x3e0 ./Drivers/STM32G4xx_HAL_Driver/Src/stm32g4xx_hal_tim.o
 .debug_aranges
                0x00000f30      0x240 ./Drivers/STM32G4xx_HAL_Driver/Src/stm32g4xx_hal_tim_ex.o

.debug_rnglists
                0x00000000      0xd7b
 .debug_rnglists
                0x00000000       0x6e ./Core/Src/BNO055.o
 .debug_rnglists
                0x0000006e       0x13 ./Core/Src/dma.o
 .debug_rnglists
                0x00000081       0x14 ./Core/Src/gpio.o
 .debug_rnglists
                0x00000095       0x21 ./Core/Src/i2c.o
 .debug_rnglists
                0x000000b6       0x40 ./Core/Src/main.o
 .debug_rnglists
                0x000000f6       0x13 ./Core/Src/stm32g4xx_hal_msp.o
 .debug_rnglists
                0x00000109       0x67 ./Core/Src/stm32g4xx_it.o
 .debug_rnglists
                0x00000170       0x1a ./Core/Src/system_stm32g4xx.o
 .debug_rnglists
                0x0000018a       0x20 ./Core/Src/tim.o
 .debug_rnglists
                0x000001aa       0x19 ./Core/Startup/startup_stm32g474retx.o
 .debug_rnglists
                0x000001c3       0xf1 ./Drivers/STM32G4xx_HAL_Driver/Src/stm32g4xx_hal.o
 .debug_rnglists
                0x000002b4       0xda ./Drivers/STM32G4xx_HAL_Driver/Src/stm32g4xx_hal_cortex.o
 .debug_rnglists
                0x0000038e       0x71 ./Drivers/STM32G4xx_HAL_Driver/Src/stm32g4xx_hal_dma.o
 .debug_rnglists
                0x000003ff       0x3f ./Drivers/STM32G4xx_HAL_Driver/Src/stm32g4xx_hal_gpio.o
 .debug_rnglists
                0x0000043e      0x228 ./Drivers/STM32G4xx_HAL_Driver/Src/stm32g4xx_hal_i2c.o
 .debug_rnglists
                0x00000666       0x35 ./Drivers/STM32G4xx_HAL_Driver/Src/stm32g4xx_hal_i2c_ex.o
 .debug_rnglists
                0x0000069b       0xf1 ./Drivers/STM32G4xx_HAL_Driver/Src/stm32g4xx_hal_pwr_ex.o
 .debug_rnglists
                0x0000078c       0x74 ./Drivers/STM32G4xx_HAL_Driver/Src/stm32g4xx_hal_rcc.o
 .debug_rnglists
                0x00000800       0x87 ./Drivers/STM32G4xx_HAL_Driver/Src/stm32g4xx_hal_rcc_ex.o
 .debug_rnglists
                0x00000887      0x328 ./Drivers/STM32G4xx_HAL_Driver/Src/stm32g4xx_hal_tim.o
 .debug_rnglists
                0x00000baf      0x1cc ./Drivers/STM32G4xx_HAL_Driver/Src/stm32g4xx_hal_tim_ex.o

.debug_macro    0x00000000    0x26c1a
 .debug_macro   0x00000000      0x2db ./Core/Src/BNO055.o
 .debug_macro   0x000002db      0xad8 ./Core/Src/BNO055.o
 .debug_macro   0x00000db3      0x15b ./Core/Src/BNO055.o
 .debug_macro   0x00000f0e       0x2e ./Core/Src/BNO055.o
 .debug_macro   0x00000f3c       0x28 ./Core/Src/BNO055.o
 .debug_macro   0x00000f64       0x22 ./Core/Src/BNO055.o
 .debug_macro   0x00000f86       0x8e ./Core/Src/BNO055.o
 .debug_macro   0x00001014       0x51 ./Core/Src/BNO055.o
 .debug_macro   0x00001065      0x103 ./Core/Src/BNO055.o
 .debug_macro   0x00001168       0x6a ./Core/Src/BNO055.o
 .debug_macro   0x000011d2      0x1df ./Core/Src/BNO055.o
 .debug_macro   0x000013b1       0x1c ./Core/Src/BNO055.o
 .debug_macro   0x000013cd       0x22 ./Core/Src/BNO055.o
 .debug_macro   0x000013ef       0xfb ./Core/Src/BNO055.o
 .debug_macro   0x000014ea     0x1011 ./Core/Src/BNO055.o
 .debug_macro   0x000024fb      0x11f ./Core/Src/BNO055.o
 .debug_macro   0x0000261a    0x18b8c ./Core/Src/BNO055.o
 .debug_macro   0x0001b1a6       0x6d ./Core/Src/BNO055.o
 .debug_macro   0x0001b213     0x3558 ./Core/Src/BNO055.o
 .debug_macro   0x0001e76b      0x190 ./Core/Src/BNO055.o
 .debug_macro   0x0001e8fb       0x5c ./Core/Src/BNO055.o
 .debug_macro   0x0001e957     0x171f ./Core/Src/BNO055.o
 .debug_macro   0x00020076      0x600 ./Core/Src/BNO055.o
 .debug_macro   0x00020676      0x1b6 ./Core/Src/BNO055.o
 .debug_macro   0x0002082c      0x34a ./Core/Src/BNO055.o
 .debug_macro   0x00020b76      0x53c ./Core/Src/BNO055.o
 .debug_macro   0x000210b2      0x18b ./Core/Src/BNO055.o
 .debug_macro   0x0002123d       0x43 ./Core/Src/BNO055.o
 .debug_macro   0x00021280      0x23d ./Core/Src/BNO055.o
 .debug_macro   0x000214bd      0x211 ./Core/Src/BNO055.o
 .debug_macro   0x000216ce      0x45c ./Core/Src/BNO055.o
 .debug_macro   0x00021b2a      0x11c ./Core/Src/BNO055.o
 .debug_macro   0x00021c46      0x22c ./Core/Src/BNO055.o
 .debug_macro   0x00021e72       0x61 ./Core/Src/BNO055.o
 .debug_macro   0x00021ed3       0xa5 ./Core/Src/BNO055.o
 .debug_macro   0x00021f78      0x122 ./Core/Src/BNO055.o
 .debug_macro   0x0002209a      0x3d1 ./Core/Src/BNO055.o
 .debug_macro   0x0002246b      0xc0b ./Core/Src/BNO055.o
 .debug_macro   0x00023076      0x718 ./Core/Src/BNO055.o
 .debug_macro   0x0002378e      0x358 ./Core/Src/BNO055.o
 .debug_macro   0x00023ae6       0x8e ./Core/Src/BNO055.o
 .debug_macro   0x00023b74       0x22 ./Core/Src/BNO055.o
 .debug_macro   0x00023b96       0x61 ./Core/Src/BNO055.o
 .debug_macro   0x00023bf7       0x2a ./Core/Src/BNO055.o
 .debug_macro   0x00023c21       0x43 ./Core/Src/BNO055.o
 .debug_macro   0x00023c64       0x34 ./Core/Src/BNO055.o
 .debug_macro   0x00023c98      0x370 ./Core/Src/BNO055.o
 .debug_macro   0x00024008       0x16 ./Core/Src/BNO055.o
 .debug_macro   0x0002401e       0x4a ./Core/Src/BNO055.o
 .debug_macro   0x00024068       0x34 ./Core/Src/BNO055.o
 .debug_macro   0x0002409c       0x10 ./Core/Src/BNO055.o
 .debug_macro   0x000240ac       0x58 ./Core/Src/BNO055.o
 .debug_macro   0x00024104       0x8e ./Core/Src/BNO055.o
 .debug_macro   0x00024192       0x1c ./Core/Src/BNO055.o
 .debug_macro   0x000241ae      0x185 ./Core/Src/BNO055.o
 .debug_macro   0x00024333       0x10 ./Core/Src/BNO055.o
 .debug_macro   0x00024343       0x3c ./Core/Src/BNO055.o
 .debug_macro   0x0002437f       0x20 ./Core/Src/BNO055.o
 .debug_macro   0x0002439f      0x19b ./Core/Src/BNO055.o
 .debug_macro   0x0002453a       0xb2 ./Core/Src/BNO055.o
 .debug_macro   0x000245ec      0x1ec ./Core/Src/dma.o
 .debug_macro   0x000247d8      0x1ec ./Core/Src/gpio.o
 .debug_macro   0x000249c4      0x1ec ./Core/Src/i2c.o
 .debug_macro   0x00024bb0      0x307 ./Core/Src/main.o
 .debug_macro   0x00024eb7      0x1e2 ./Core/Src/stm32g4xx_hal_msp.o
 .debug_macro   0x00025099      0x1ec ./Core/Src/stm32g4xx_it.o
 .debug_macro   0x00025285      0x1d3 ./Core/Src/system_stm32g4xx.o
 .debug_macro   0x00025458      0x1ec ./Core/Src/tim.o
 .debug_macro   0x00025644      0x221 ./Drivers/STM32G4xx_HAL_Driver/Src/stm32g4xx_hal.o
 .debug_macro   0x00025865      0x1d3 ./Drivers/STM32G4xx_HAL_Driver/Src/stm32g4xx_hal_cortex.o
 .debug_macro   0x00025a38      0x1d3 ./Drivers/STM32G4xx_HAL_Driver/Src/stm32g4xx_hal_dma.o
 .debug_macro   0x00025c0b      0x1da ./Drivers/STM32G4xx_HAL_Driver/Src/stm32g4xx_hal_gpio.o
 .debug_macro   0x00025de5      0x29f ./Drivers/STM32G4xx_HAL_Driver/Src/stm32g4xx_hal_i2c.o
 .debug_macro   0x00026084      0x1d3 ./Drivers/STM32G4xx_HAL_Driver/Src/stm32g4xx_hal_i2c_ex.o
 .debug_macro   0x00026257      0x1fd ./Drivers/STM32G4xx_HAL_Driver/Src/stm32g4xx_hal_pwr_ex.o
 .debug_macro   0x00026454      0x215 ./Drivers/STM32G4xx_HAL_Driver/Src/stm32g4xx_hal_rcc.o
 .debug_macro   0x00026669      0x1fd ./Drivers/STM32G4xx_HAL_Driver/Src/stm32g4xx_hal_rcc_ex.o
 .debug_macro   0x00026866      0x1db ./Drivers/STM32G4xx_HAL_Driver/Src/stm32g4xx_hal_tim.o
 .debug_macro   0x00026a41      0x1d9 ./Drivers/STM32G4xx_HAL_Driver/Src/stm32g4xx_hal_tim_ex.o

.debug_line     0x00000000    0x14707
 .debug_line    0x00000000      0xf9a ./Core/Src/BNO055.o
 .debug_line    0x00000f9a      0x6a3 ./Core/Src/dma.o
 .debug_line    0x0000163d      0x6d0 ./Core/Src/gpio.o
 .debug_line    0x00001d0d      0x79f ./Core/Src/i2c.o
 .debug_line    0x000024ac      0xa32 ./Core/Src/main.o
 .debug_line    0x00002ede      0x6a5 ./Core/Src/stm32g4xx_hal_msp.o
 .debug_line    0x00003583      0x7e3 ./Core/Src/stm32g4xx_it.o
 .debug_line    0x00003d66      0x711 ./Core/Src/system_stm32g4xx.o
 .debug_line    0x00004477      0x71e ./Core/Src/tim.o
 .debug_line    0x00004b95       0x7b ./Core/Startup/startup_stm32g474retx.o
 .debug_line    0x00004c10      0xadd ./Drivers/STM32G4xx_HAL_Driver/Src/stm32g4xx_hal.o
 .debug_line    0x000056ed      0xc42 ./Drivers/STM32G4xx_HAL_Driver/Src/stm32g4xx_hal_cortex.o
 .debug_line    0x0000632f      0xddc ./Drivers/STM32G4xx_HAL_Driver/Src/stm32g4xx_hal_dma.o
 .debug_line    0x0000710b      0xab6 ./Drivers/STM32G4xx_HAL_Driver/Src/stm32g4xx_hal_gpio.o
 .debug_line    0x00007bc1     0x3671 ./Drivers/STM32G4xx_HAL_Driver/Src/stm32g4xx_hal_i2c.o
 .debug_line    0x0000b232      0x80a ./Drivers/STM32G4xx_HAL_Driver/Src/stm32g4xx_hal_i2c_ex.o
 .debug_line    0x0000ba3c      0xc3c ./Drivers/STM32G4xx_HAL_Driver/Src/stm32g4xx_hal_pwr_ex.o
 .debug_line    0x0000c678      0xf60 ./Drivers/STM32G4xx_HAL_Driver/Src/stm32g4xx_hal_rcc.o
 .debug_line    0x0000d5d8     0x11d5 ./Drivers/STM32G4xx_HAL_Driver/Src/stm32g4xx_hal_rcc_ex.o
 .debug_line    0x0000e7ad     0x3f76 ./Drivers/STM32G4xx_HAL_Driver/Src/stm32g4xx_hal_tim.o
 .debug_line    0x00012723     0x1fe4 ./Drivers/STM32G4xx_HAL_Driver/Src/stm32g4xx_hal_tim_ex.o

.debug_str      0x00000000    0xf9048
 .debug_str     0x00000000    0xf9048 ./Core/Src/BNO055.o
                              0xf3e76 (size before relaxing)
 .debug_str     0x000f9048    0xefe4b ./Core/Src/dma.o
 .debug_str     0x000f9048    0xeff2b ./Core/Src/gpio.o
 .debug_str     0x000f9048    0xf0742 ./Core/Src/i2c.o
 .debug_str     0x000f9048    0xf442b ./Core/Src/main.o
 .debug_str     0x000f9048    0xef815 ./Core/Src/stm32g4xx_hal_msp.o
 .debug_str     0x000f9048    0xf0139 ./Core/Src/stm32g4xx_it.o
 .debug_str     0x000f9048    0xef664 ./Core/Src/system_stm32g4xx.o
 .debug_str     0x000f9048    0xf05fb ./Core/Src/tim.o
 .debug_str     0x000f9048       0x82 ./Core/Startup/startup_stm32g474retx.o
 .debug_str     0x000f9048    0xf0376 ./Drivers/STM32G4xx_HAL_Driver/Src/stm32g4xx_hal.o
 .debug_str     0x000f9048    0xf0032 ./Drivers/STM32G4xx_HAL_Driver/Src/stm32g4xx_hal_cortex.o
 .debug_str     0x000f9048    0xefa3e ./Drivers/STM32G4xx_HAL_Driver/Src/stm32g4xx_hal_dma.o
 .debug_str     0x000f9048    0xef7ef ./Drivers/STM32G4xx_HAL_Driver/Src/stm32g4xx_hal_gpio.o
 .debug_str     0x000f9048    0xf096e ./Drivers/STM32G4xx_HAL_Driver/Src/stm32g4xx_hal_i2c.o
 .debug_str     0x000f9048    0xefc83 ./Drivers/STM32G4xx_HAL_Driver/Src/stm32g4xx_hal_i2c_ex.o
 .debug_str     0x000f9048    0xefb52 ./Drivers/STM32G4xx_HAL_Driver/Src/stm32g4xx_hal_pwr_ex.o
 .debug_str     0x000f9048    0xefd83 ./Drivers/STM32G4xx_HAL_Driver/Src/stm32g4xx_hal_rcc.o
 .debug_str     0x000f9048    0xefdad ./Drivers/STM32G4xx_HAL_Driver/Src/stm32g4xx_hal_rcc_ex.o
 .debug_str     0x000f9048    0xf0b62 ./Drivers/STM32G4xx_HAL_Driver/Src/stm32g4xx_hal_tim.o
 .debug_str     0x000f9048    0xf07d6 ./Drivers/STM32G4xx_HAL_Driver/Src/stm32g4xx_hal_tim_ex.o

.comment        0x00000000       0x43
 .comment       0x00000000       0x43 ./Core/Src/BNO055.o
                                 0x44 (size before relaxing)
 .comment       0x00000043       0x44 ./Core/Src/dma.o
 .comment       0x00000043       0x44 ./Core/Src/gpio.o
 .comment       0x00000043       0x44 ./Core/Src/i2c.o
 .comment       0x00000043       0x44 ./Core/Src/main.o
 .comment       0x00000043       0x44 ./Core/Src/stm32g4xx_hal_msp.o
 .comment       0x00000043       0x44 ./Core/Src/stm32g4xx_it.o
 .comment       0x00000043       0x44 ./Core/Src/system_stm32g4xx.o
 .comment       0x00000043       0x44 ./Core/Src/tim.o
 .comment       0x00000043       0x44 ./Drivers/STM32G4xx_HAL_Driver/Src/stm32g4xx_hal.o
 .comment       0x00000043       0x44 ./Drivers/STM32G4xx_HAL_Driver/Src/stm32g4xx_hal_cortex.o
 .comment       0x00000043       0x44 ./Drivers/STM32G4xx_HAL_Driver/Src/stm32g4xx_hal_dma.o
 .comment       0x00000043       0x44 ./Drivers/STM32G4xx_HAL_Driver/Src/stm32g4xx_hal_gpio.o
 .comment       0x00000043       0x44 ./Drivers/STM32G4xx_HAL_Driver/Src/stm32g4xx_hal_i2c.o
 .comment       0x00000043       0x44 ./Drivers/STM32G4xx_HAL_Driver/Src/stm32g4xx_hal_i2c_ex.o
 .comment       0x00000043       0x44 ./Drivers/STM32G4xx_HAL_Driver/Src/stm32g4xx_hal_pwr_ex.o
 .comment       0x00000043       0x44 ./Drivers/STM32G4xx_HAL_Driver/Src/stm32g4xx_hal_rcc.o
 .comment       0x00000043       0x44 ./Drivers/STM32G4xx_HAL_Driver/Src/stm32g4xx_hal_rcc_ex.o
 .comment       0x00000043       0x44 ./Drivers/STM32G4xx_HAL_Driver/Src/stm32g4xx_hal_tim.o
 .comment       0x00000043       0x44 ./Drivers/STM32G4xx_HAL_Driver/Src/stm32g4xx_hal_tim_ex.o

.debug_frame    0x00000000     0x485c
 .debug_frame   0x00000000      0x23c ./Core/Src/BNO055.o
 .debug_frame   0x0000023c       0x34 ./Core/Src/dma.o
 .debug_frame   0x00000270       0x34 ./Core/Src/gpio.o
 .debug_frame   0x000002a4       0x78 ./Core/Src/i2c.o
 .debug_frame   0x0000031c      0x114 ./Core/Src/main.o
 .debug_frame   0x00000430       0x34 ./Core/Src/stm32g4xx_hal_msp.o
 .debug_frame   0x00000464      0x1ac ./Core/Src/stm32g4xx_it.o
 .debug_frame   0x00000610       0x58 ./Core/Src/system_stm32g4xx.o
 .debug_frame   0x00000668       0x7c ./Core/Src/tim.o
 .debug_frame   0x000006e4      0x500 ./Drivers/STM32G4xx_HAL_Driver/Src/stm32g4xx_hal.o
 .debug_frame   0x00000be4      0x4e8 ./Drivers/STM32G4xx_HAL_Driver/Src/stm32g4xx_hal_cortex.o
 .debug_frame   0x000010cc      0x24c ./Drivers/STM32G4xx_HAL_Driver/Src/stm32g4xx_hal_dma.o
 .debug_frame   0x00001318      0x14c ./Drivers/STM32G4xx_HAL_Driver/Src/stm32g4xx_hal_gpio.o
 .debug_frame   0x00001464      0xc38 ./Drivers/STM32G4xx_HAL_Driver/Src/stm32g4xx_hal_i2c.o
 .debug_frame   0x0000209c      0x100 ./Drivers/STM32G4xx_HAL_Driver/Src/stm32g4xx_hal_i2c_ex.o
 .debug_frame   0x0000219c      0x4fc ./Drivers/STM32G4xx_HAL_Driver/Src/stm32g4xx_hal_pwr_ex.o
 .debug_frame   0x00002698      0x23c ./Drivers/STM32G4xx_HAL_Driver/Src/stm32g4xx_hal_rcc.o
 .debug_frame   0x000028d4      0x2ac ./Drivers/STM32G4xx_HAL_Driver/Src/stm32g4xx_hal_rcc_ex.o
 .debug_frame   0x00002b80     0x1220 ./Drivers/STM32G4xx_HAL_Driver/Src/stm32g4xx_hal_tim.o
 .debug_frame   0x00003da0      0xa70 ./Drivers/STM32G4xx_HAL_Driver/Src/stm32g4xx_hal_tim_ex.o
 .debug_frame   0x00004810       0x20 /opt/st/stm32cubeide_1.18.0/plugins/com.st.stm32cube.ide.mcu.externaltools.gnu-tools-for-stm32.13.3.rel1.linux64_1.0.0.202410170706/tools/bin/../lib/gcc/arm-none-eabi/13.3.1/../../../../arm-none-eabi/lib/thumb/v7e-m+fp/hard/libc_nano.a(libc_a-memset.o)
 .debug_frame   0x00004830       0x2c /opt/st/stm32cubeide_1.18.0/plugins/com.st.stm32cube.ide.mcu.externaltools.gnu-tools-for-stm32.13.3.rel1.linux64_1.0.0.202410170706/tools/bin/../lib/gcc/arm-none-eabi/13.3.1/../../../../arm-none-eabi/lib/thumb/v7e-m+fp/hard/libc_nano.a(libc_a-init.o)

.debug_line_str
                0x00000000       0x66
 .debug_line_str
                0x00000000       0x66 ./Core/Startup/startup_stm32g474retx.o
