../Core/Src/main.c:90:6:Start_Calibration	1
../Core/Src/main.c:104:6:Update_LED_Pattern	4
../Core/Src/main.c:122:6:Process_Calibration	34
../Core/Src/main.c:247:9:Get_Calibration_State	1
../Core/Src/main.c:251:6:Get_Calibration_Info	1
../Core/Src/main.c:264:5:main	4
../Core/Src/main.c:322:6:SystemClock_Config	3
../Core/Src/main.c:362:6:HAL_GPIO_EXTI_Callback	3
../Core/Src/main.c:370:6:HAL_I2C_MemRxCpltCallback	2
../Core/Src/main.c:376:6:HAL_TIM_PeriodElapsedCallback	1
../Core/Src/main.c:389:6:Error_Handler	1
