../Core/Src/main.c:90:6:Start_Calibration	8	static
../Core/Src/main.c:104:6:Update_LED_Pattern	16	static
../Core/Src/main.c:122:6:Process_Calibration	8	static
../Core/Src/main.c:247:9:Get_Calibration_State	4	static
../Core/Src/main.c:251:6:Get_Calibration_Info	24	static
../Core/Src/main.c:264:5:main	8	static
../Core/Src/main.c:322:6:SystemClock_Config	88	static
../Core/Src/main.c:362:6:HAL_GPIO_EXTI_Callback	16	static
../Core/Src/main.c:370:6:HAL_I2C_MemRxCpltCallback	16	static
../Core/Src/main.c:376:6:HAL_TIM_PeriodElapsedCallback	16	static
../Core/Src/main.c:389:6:Error_Handler	4	static,ignoring_inline_asm
